src/features/addon/components/ModeSelector.tsx(37,11): error TS2322: Type 'string | null' is not assignable to type 'string'.
  Type 'null' is not assignable to type 'string'.
src/features/sidepanel/components/SidePanelUri.tsx(11,34): error TS6133: 'e' is declared but its value is never read.
